
> Mooncoda@0.1.0 typecheck D:\123\NextDevTpl-master
> tsc --noEmit

